NOTES V1.0
=copyin/
#copyin/04overwriteFile
#This file already exists internally!
#When the copyin command is used...
#This file will be overwritten :(
@copyin/04overwriteFile
 This is the replaced file!
 I didn't like the original file!!
 I WILL TAKE OVER THE WORLD OF FILES!!!!!!!
