NOTES V1.0
=copyin/
@copyin/05binaryFile
 !!b64-encoded
 UEsDBBQACAgIAPmCVlMAAAAAAAAAAAAAAAAJAAQATUVUQS1JTkYv/soAAAMAUEsHCAAAAAACAAAAAAAAAFBLAwQUAAgICAD5glZTAAAAAAAAAAAAAAAAFAAAAE1FVEEtSU5GL01BTklGRVNULk1G803My0xLLS7RDUstKs7Mz7NSMNQz4OVyLkpNLElN0XWqBAoARfQMDRU0QpNK80pKNXm5eLkAUEsHCPdQ9A42AAAANwAAAFBLAwQUAAgICA
 DlglZTAAAAAAAAAAAAAAAAEAAAAGhlbGxvd29ybGQuY2xhc3NtUE1Lw0AQfduk3SZGU1tTPwv2IEQP5uKt4kUQD0WFiBdPSbvULZtEYqL4s/Sg4MEf4I8SZ6MQhO5hdue9NzNv9uv74xPAEQY2WnAtdLDaRtdGD2scHkefoXUsU1mcMBj+/g2DeZpNBYM7lqm4KJNY5NdRrAgxk0imDH3/djyPHqNAReksCItcprORLrTDrMwn4kxqsXsnlMqe
 slxND7XaAUebY93BBjYZnHNN71b8kGPLwTZ2qEVdxdCpp1zGczEp/kHh80MhEjKdlUR4v5ZkFlyRn4JciSgZMfQWwAz8XmeKlvH8RbtgiCZ9lz4NMO2cokXZgG5Gd/PgHeyFHmSZYqsCtWQJzp90ryoFrFc0usYbzFpuEwUY1NUkZLmasvIDUEsHCErGjwwhAQAAqgEAAFBLAQIUABQACAgIAPmCVlMAAAAAAgAAAAAAAAAJAAQAAAAAAAAAAA
 AAAAAAAABNRVRBLUlORi/+ygAAUEsBAhQAFAAICAgA+YJWU/dQ9A42AAAANwAAABQAAAAAAAAAAAAAAAAAPQAAAE1FVEEtSU5GL01BTklGRVNULk1GUEsBAhQAFAAICAgA5YJWU0rGjwwhAQAAqgEAABAAAAAAAAAAAAAAAAAAtQAAAGhlbGxvd29ybGQuY2xhc3NQSwUGAAAAAAMAAwC7AAAAFAIAAAAA
