The provided file was not found. Terminating program.
