NOTES V1.0
=dir1/
=dir1/dir2/
=dir1/dir2/dir3/
=dir1/dir2/dir3/dir4/
