The specified file system does not exist. Terminating program.
