A directory name was provided. Please use the rmdir command to remove directories. Terminating program.
