This is the first line of an overwritten file.
This is the second.
This is the third and final line!
