Copying directories is not supported. Terminating program.
