drwxrwxrwx 1 dib dib 512 Oct 24 18:01 dir1/
drwxrwxrwx 1 dib dib 512 Oct 24 18:01 dir1/dir2/
drwxrwxrwx 1 dib dib 512 Oct 24 18:01 dir1/dir2/dir3/
-rwxrwxrwx 1 dib dib   6 Oct 24 18:01 dir1/dir2/dir3/file1
-rwxrwxrwx 1 dib dib  85 Oct 24 18:01 rootfile1
