drwxrwxrwx 1 dib dib 512 Oct 21 22:12 dir1/
drwxrwxrwx 1 dib dib 512 Oct 21 22:12 dir1/dir2/
drwxrwxrwx 1 dib dib 512 Oct 21 22:12 dir1/dir2/dir3/
drwxrwxrwx 1 dib dib 512 Oct 21 22:12 dir1/dir2/dir3/dir4/
