drwxrwxrwx 1 dib dib 512 Oct 21 23:30 file1/
-rwxrwxrwx 1 dib dib   0 Oct 21 23:30 file1
