The directory invalidDir is not correctly formatted (must end with a "/"). Terminating program.
