The specified file system is empty. Terminating program.
