-rwxrwxrwx 1 dib dib 0 Oct 22 17:48 This-is-a-very-long-file-name-that-will-exceed-255-characters-and-it-should-truncate-the-line-at-the-very-end-if-this-works-correctly_abcdefghijklmnopqrstuvwxyz_ABCDEFGHIJKLMNOPQRSTUVWXYZ_1234567890_255-characters-is-a-lot-of-characters-for-a-file-na.txt
