An unknown file type was found by the compiler (%). Terminating program.
