drwxrwxrwx 1 dib dib 512 Oct 22 19:54 a/
drwxrwxrwx 1 dib dib 512 Oct 22 19:54 b/
drwxrwxrwx 1 dib dib 512 Oct 22 19:54 c/
drwxrwxrwx 1 dib dib 512 Oct 22 19:54 d/
